#LIST ORL
/data/lar/projects/airpact5/AIRRUN/2019/2019041500/EMISSION/fire/bluesky/ptinv-2019041500.orl
