BlueSky Framework version 3.5.1 (rev 39130)
Emissions period: 20170826 00Z to 20170830 00Z
Dispersion period: 20170827 00Z to 20170830 00Z
Provide defaults for missing input fields v3.5.1
Provide default fuel moisture information v3.5.1
FireTypeSplitter from package BlueSky v3.5.1
Persistence from package BlueSky v3.5.1
Persistence from package BlueSky v3.5.1
NoGrowth from package BlueSky v3.5.1
ConsolidateFires from package BlueSky v3.5.1
FCCS Fuel Loading Module v2
FireTypeSplitter from package BlueSky v3.5.1
CONSUME Consumption Module v5
CONSUME Consumption Module v5
CONSUME Consumption Module v5
ConsolidateFires from package BlueSky v3.5.1
FEPS Time Profile Module v2
FEPS Emissions Module v2
FEPS Plume Rise Module v2
Completed in 38 minutes 42.13 seconds
